SQL> DESC Section
 Name                                      Null?    Type
 ----------------------------------------- -------- ----------------------------
 SECTION_ID                                NOT NULL NUMBER(38)
 COURSE_NUM                                         VARCHAR2(8)
 SEMESTER                                           VARCHAR2(6)
 YEAR                                               CHAR(2)
 INSTRUCTOR                                         VARCHAR2(10)
 BLDG                                               NUMBER(38)
 ROOM                                               NUMBER(38)

SQL> SELECT COUNT(Section_ID)
  2  FROM Section;

COUNT(SECTION_ID)                                                               
-----------------                                                               
               32                                                               

SQL> DESC Grade;
 Name                                      Null?    Type
 ----------------------------------------- -------- ----------------------------
 STUDENT_NUMBER                            NOT NULL NUMBER(38)
 SECTION_ID                                NOT NULL NUMBER(38)
 GRADE                                              CHAR(1)

30 rows selected.

SQL> SELECT COUNT(DISTINCT Section_ID)
  2  FROM Grade;

COUNT(DISTINCTSECTION_ID)                                                       
-------------------------                                                       
                       30                                                       

SQL> SPOOL OFF;
