Wrote file afiedt.buf

  1  SELECT c.course_number, c.course_name
  2  FROM Course c
  3* WHERE c.course_number LIKE 'COSC3%'
SQL> /

COURSE_NUMBER                                                                   
------------------------                                                        
COURSE_NAME                                                                     
------------------------------------------------------------                    
COSC3320                                                                        
DATA STRUCTURES                                                                 
                                                                                
COSC3380                                                                        
DATABASE                                                                        
                                                                                
COSC3701                                                                        
OPERATIONS RESEARCH                                                             
                                                                                

SQL> SPOOL OFF
