SQL> SELECT s.sname, g.grade
  2  FROM Student s, Grade g, Section c
  3  WHERE s.stno = g.student_number
  4  AND (g.grade = 'A' OR g.grade = 'B')
  5  AND (s.major = 'ACCT');

SNAME                                                        GRA                
------------------------------------------------------------ ---                
Donald                                                       A                  
Donald                                                       A                  
Donald                                                       A                  
Donald                                                       A                  
Donald                                                       A                  
Donald                                                       A                  
Donald                                                       A                  
Donald                                                       A                  
Donald                                                       A                  
Donald                                                       A                  
Donald                                                       A                  

SNAME                                                        GRA                
------------------------------------------------------------ ---                
Donald                                                       A                  
Donald                                                       A                  
Donald                                                       A                  
Donald                                                       A                  
Donald                                                       A                  
Donald                                                       A                  
Donald                                                       A                  
Donald                                                       A                  
Donald                                                       A                  
Donald                                                       A                  
Donald                                                       A                  

SNAME                                                        GRA                
------------------------------------------------------------ ---                
Donald                                                       A                  
Donald                                                       A                  
Donald                                                       A                  
Donald                                                       A                  
Donald                                                       A                  
Donald                                                       A                  
Donald                                                       A                  
Donald                                                       A                  
Donald                                                       A                  
Donald                                                       A                  
Chris                                                        B                  

SNAME                                                        GRA                
------------------------------------------------------------ ---                
Chris                                                        B                  
Chris                                                        B                  
Chris                                                        B                  
Chris                                                        B                  
Chris                                                        B                  
Chris                                                        B                  
Chris                                                        B                  
Chris                                                        B                  
Chris                                                        B                  
Chris                                                        B                  
Chris                                                        B                  

SNAME                                                        GRA                
------------------------------------------------------------ ---                
Chris                                                        B                  
Chris                                                        B                  
Chris                                                        B                  
Chris                                                        B                  
Chris                                                        B                  
Chris                                                        B                  
Chris                                                        B                  
Chris                                                        B                  
Chris                                                        B                  
Chris                                                        B                  
Chris                                                        B                  

SNAME                                                        GRA                
------------------------------------------------------------ ---                
Chris                                                        B                  
Chris                                                        B                  
Chris                                                        B                  
Chris                                                        B                  
Chris                                                        B                  
Chris                                                        B                  
Chris                                                        B                  
Chris                                                        B                  
Chris                                                        B                  
Francis                                                      B                  
Francis                                                      B                  

SNAME                                                        GRA                
------------------------------------------------------------ ---                
Francis                                                      B                  
Francis                                                      B                  
Francis                                                      B                  
Francis                                                      B                  
Francis                                                      B                  
Francis                                                      B                  
Francis                                                      B                  
Francis                                                      B                  
Francis                                                      B                  
Francis                                                      B                  
Francis                                                      B                  

SNAME                                                        GRA                
------------------------------------------------------------ ---                
Francis                                                      B                  
Francis                                                      B                  
Francis                                                      B                  
Francis                                                      B                  
Francis                                                      B                  
Francis                                                      B                  
Francis                                                      B                  
Francis                                                      B                  
Francis                                                      B                  
Francis                                                      B                  
Francis                                                      B                  

SNAME                                                        GRA                
------------------------------------------------------------ ---                
Francis                                                      B                  
Francis                                                      B                  
Francis                                                      B                  
Francis                                                      B                  
Francis                                                      B                  
Francis                                                      B                  
Francis                                                      B                  
Francis                                                      B                  
Chris                                                        B                  
Chris                                                        B                  
Chris                                                        B                  

SNAME                                                        GRA                
------------------------------------------------------------ ---                
Chris                                                        B                  
Chris                                                        B                  
Chris                                                        B                  
Chris                                                        B                  
Chris                                                        B                  
Chris                                                        B                  
Chris                                                        B                  
Chris                                                        B                  
Chris                                                        B                  
Chris                                                        B                  
Chris                                                        B                  

SNAME                                                        GRA                
------------------------------------------------------------ ---                
Chris                                                        B                  
Chris                                                        B                  
Chris                                                        B                  
Chris                                                        B                  
Chris                                                        B                  
Chris                                                        B                  
Chris                                                        B                  
Chris                                                        B                  
Chris                                                        B                  
Chris                                                        B                  
Chris                                                        B                  

SNAME                                                        GRA                
------------------------------------------------------------ ---                
Chris                                                        B                  
Chris                                                        B                  
Chris                                                        B                  
Chris                                                        B                  
Chris                                                        B                  
Chris                                                        B                  
Chris                                                        B                  
Chris                                                        B                  
Chris                                                        B                  
Chris                                                        B                  
Chris                                                        B                  

SNAME                                                        GRA                
------------------------------------------------------------ ---                
Chris                                                        B                  
Chris                                                        B                  
Chris                                                        B                  
Chris                                                        B                  
Chris                                                        B                  
Chris                                                        B                  
Chris                                                        B                  
Chris                                                        B                  
Chris                                                        B                  
Chris                                                        B                  
Chris                                                        B                  

SNAME                                                        GRA                
------------------------------------------------------------ ---                
Chris                                                        B                  
Chris                                                        B                  
Chris                                                        B                  
Chris                                                        B                  
Chris                                                        B                  
Chris                                                        B                  
Chris                                                        B                  
Chris                                                        B                  
Chris                                                        B                  
Chris                                                        B                  
Chris                                                        B                  

SNAME                                                        GRA                
------------------------------------------------------------ ---                
Chris                                                        B                  
Chris                                                        B                  
Chris                                                        B                  
Chris                                                        B                  
Chris                                                        B                  
Chris                                                        B                  
Francis                                                      B                  
Francis                                                      B                  
Francis                                                      B                  
Francis                                                      B                  
Francis                                                      B                  

SNAME                                                        GRA                
------------------------------------------------------------ ---                
Francis                                                      B                  
Francis                                                      B                  
Francis                                                      B                  
Francis                                                      B                  
Francis                                                      B                  
Francis                                                      B                  
Francis                                                      B                  
Francis                                                      B                  
Francis                                                      B                  
Francis                                                      B                  
Francis                                                      B                  

SNAME                                                        GRA                
------------------------------------------------------------ ---                
Francis                                                      B                  
Francis                                                      B                  
Francis                                                      B                  
Francis                                                      B                  
Francis                                                      B                  
Francis                                                      B                  
Francis                                                      B                  
Francis                                                      B                  
Francis                                                      B                  
Francis                                                      B                  
Francis                                                      B                  

SNAME                                                        GRA                
------------------------------------------------------------ ---                
Francis                                                      B                  
Francis                                                      B                  
Francis                                                      B                  
Francis                                                      B                  
Francis                                                      B                  
Sebastian                                                    B                  
Sebastian                                                    B                  
Sebastian                                                    B                  
Sebastian                                                    B                  
Sebastian                                                    B                  
Sebastian                                                    B                  

SNAME                                                        GRA                
------------------------------------------------------------ ---                
Sebastian                                                    B                  
Sebastian                                                    B                  
Sebastian                                                    B                  
Sebastian                                                    B                  
Sebastian                                                    B                  
Sebastian                                                    B                  
Sebastian                                                    B                  
Sebastian                                                    B                  
Sebastian                                                    B                  
Sebastian                                                    B                  
Sebastian                                                    B                  

SNAME                                                        GRA                
------------------------------------------------------------ ---                
Sebastian                                                    B                  
Sebastian                                                    B                  
Sebastian                                                    B                  
Sebastian                                                    B                  
Sebastian                                                    B                  
Sebastian                                                    B                  
Sebastian                                                    B                  
Sebastian                                                    B                  
Sebastian                                                    B                  
Sebastian                                                    B                  
Sebastian                                                    B                  

SNAME                                                        GRA                
------------------------------------------------------------ ---                
Sebastian                                                    B                  
Sebastian                                                    B                  
Sebastian                                                    B                  
Sebastian                                                    B                  

224 rows selected.

SQL> edit
Wrote file afiedt.buf

  1  SELECT s.sname, g.grade
  2  FROM Student s, Grade g
  3  WHERE s.stno = g.student_number
  4  AND (g.grade = 'A' OR g.grade = 'B')
  5* AND (s.major = 'ACCT')
SQL> /

SNAME                                                        GRA                
------------------------------------------------------------ ---                
Donald                                                       A                  
Chris                                                        B                  
Chris                                                        B                  
Chris                                                        B                  
Francis                                                      B                  
Francis                                                      B                  
Sebastian                                                    B                  

7 rows selected.

SQL> SPOOL OFF
