 
SQL> edit
Wrote file afiedt.buf

  1  SELECT COUNT(s.sname)
  2  FROM Student s
  3  WHERE s.sname LIKE 'SMITH'
  4* OR s.sname LIKE 'Smith'
SQL> /

COUNT(S.SNAME)                                                                  
--------------                                                                  
             1                                                                  

SQL> edit
Wrote file afiedt.buf

  1  SELECT COUNT(s.sname)
  2  FROM Student s
  3* WHERE s.sname LIKE '%SMITH%'
SQL> /

COUNT(S.SNAME)                                                                  
--------------                                                                  
             0                                                                  

SQL> edit
Wrote file afiedt.buf

  1  SELECT COUNT(s.sname)
  2  FROM Student s
  3* WHERE s.sname LIKE '%LD'
SQL> /

COUNT(S.SNAME)                                                                  
--------------                                                                  
             0                                                                  

SQL> edit
Wrote file afiedt.buf

  1  SELECT COUNT(s.sname)
  2  FROM Student s
  3* WHERE s.sname LIKE 'SMITH%'
SQL> /

COUNT(S.SNAME)                                                                  
--------------                                                                  
             0                                                                  

SQL> Answer to d) is 2, 3, 4
SP2-0734: unknown command beginning "Answer to ..." - rest of line ignored.
SQL> 
SQL> Answer to e) is no, I would call it a modifier function because it modifies the string and not add to it.
SP2-0734: unknown command beginning "Answer to ..." - rest of line ignored.
SQL> 
SQL> SELECT s.sname || '...'
  2  FROM Student s;

S.SNAME||'...'                                                                  
---------------------------------------------------------------------           
Lineas...                                                                       
Mary...                                                                         
Brenda...                                                                       
Richard...                                                                      
Kelly...                                                                        
Lujack...                                                                       
Reva...                                                                         
Elainie...                                                                      
Harley...                                                                       
Donald...                                                                       
Chris...                                                                        

S.SNAME||'...'                                                                  
---------------------------------------------------------------------           
Lynette...                                                                      
Susan...                                                                        
Monica...                                                                       
Bill...                                                                         
Hillary1...                                                                     
Phoebe...                                                                       
Holly...                                                                        
Sadie...                                                                        
Jessica...                                                                      
Steve...                                                                        
Brad...                                                                         

S.SNAME||'...'                                                                  
---------------------------------------------------------------------           
Cedric...                                                                       
Alan...                                                                         
Rachel...                                                                       
George...                                                                       
Jerry...                                                                        
Cramer...                                                                       
Fraiser...                                                                      
Harrison...                                                                     
Francis...                                                                      
Smithly...                                                                      
Sebastian...                                                                    

S.SNAME||'...'                                                                  
---------------------------------------------------------------------           
Jake...                                                                         
Losmith...                                                                      
Genevieve...                                                                    
Lindsay...                                                                      
Stephanie...                                                                    
Thornton...                                                                     
Lionel...                                                                       
Benny...                                                                        
Gus...                                                                          
Zelda...                                                                        
Mario...                                                                        

S.SNAME||'...'                                                                  
---------------------------------------------------------------------           
Romona...                                                                       
Ken...                                                                          
Smith...                                                                        
Jake...                                                                         

48 rows selected.

SQL> SPOOL OFF
