SQL> 
SQL> CREATE TABLE Secretary (dcode CHAR(4), name VARCHAR2(20));

Table created.

SQL> INSERT INTO Secretary VALUES ('ACCT', 'Sally');

1 row created.

SQL> edit
Wrote file afiedt.buf

  1* INSERT INTO Secretary VALUES ('COSC', 'Chris')
SQL> /

1 row created.

SQL> edit
Wrote file afiedt.buf

  1* INSERT INTO Secretary VALUES ('ENGL', 'Maria')
SQL> /

1 row created.

SQL> edit
Wrote file afiedt.buf

  1  SELECT d.dname
  2  FROM Department d
  3  WHERE d.dcode IN (SELECT y.dcode
  4* FROM Secretary y)
SQL> /

DNAME                                                                           
------------------------------------------------------------                    
Accounting                                                                      
Computer Science                                                                
English                                                                         

SQL> edit
Wrote file afiedt.buf

  1  SELECT d.dname
  2  FROM Department d
  3  WHERE NOT d.dcode IN (SELECT y.dcode
  4* FROM Secretary y)
SQL> /

DNAME                                                                           
------------------------------------------------------------                    
Art                                                                             
Chemistry                                                                       
Mathematics                                                                     
Political Science                                                               
                                                                                


SQL> INSERT INTO Secretary VALUES (NULL, 'Brenda');

1 row created.

SQL> @q77a
  SELECT d.dname
  FROM Department d
  WHERE d.dcode IN (SELECT y.dcode
  FROM Secretary y)
  /

DNAME                                                                           
------------------------------------------------------------                    
Accounting                                                                      
Computer Science                                                                
English                                                                         

SQL> @q77b
   SELECT d.dname
   FROM Department d
   WHERE NOT d.dcode IN (SELECT y.dcode
   FROM Secretary y)
   /

no rows selected

SQL> @q77b
   SELECT d.dname
   FROM Department d
   WHERE NOT d.dcode IN (SELECT y.dcode
   FROM Secretary y
   WHERE y.dcode IS NOT NULL)
   /


DNAME                                                                           
------------------------------------------------------------                    
Art                                                                             
Chemistry                                                                       
Mathematics                                                                     
Political Science                                                               
                                                                                

SQL> SPOOL OFF
