SQL> edit
Wrote file afiedt.buf

  1  SELECT s.sname, s.major
  2  FROM Student s
  3  WHERE s.stno IN
  4  ( SELECT g.student_number
  5  FROM Grade g
  6* WHERE g.grade = 'C')
SQL> /

SNAME                                                        MAJOR              
------------------------------------------------------------ ------------       
Zelda                                                        COSC               
Ken                                                          POLY               
Mario                                                        MATH               
Brenda                                                       COSC               
Richard                                                      ENGL               
Reva                                                         MATH               
Donald                                                       ACCT               
Jake                                                         COSC               
Susan                                                        ENGL               
Monica                                                       MATH               
Bill                                                         POLY               

SNAME                                                        MAJOR              
------------------------------------------------------------ ------------       
Sadie                                                        MATH               
Jessica                                                      POLY               
Steve                                                        ENGL               
Alan                                                         COSC               
Rachel                                                       ENGL               
Smithly                                                      ENGL               
Sebastian                                                    ACCT               
Losmith                                                      CHEM               
Genevieve                                                    UNKN               
Thornton                                                                        
Gus                                                          ART                

SNAME                                                        MAJOR              
------------------------------------------------------------ ------------       
Benny                                                        CHEM               
Lionel                                                                          

24 rows selected.

SQL> SPOOL OFF
